// Jest Snapshot v1, https://goo.gl/fbAQLP

exports[`ProjectItem tests ProjectItem renders corrects 1`] = `
<li
  className="projects__item"
>
  <div
    className="align-items-center row"
  >
    <div
      className="col-md-7 offset-md-1"
    >
      <a
        className="project__item-link"
        href="/project/111"
        onClick={[Function]}
      >
        <span
          className="h4"
        >
          Title
        </span>
        <p
          className="small text-muted mt-2 mb-md-0"
        >
          Програмування
        </p>
      </a>
    </div>
    <div
      className="col-md-1"
    >
      <p
        className="project__item-text text-success fw-bold m-md-0"
        onBlur={[Function]}
        onFocus={[Function]}
        onMouseOut={[Function]}
        onMouseOver={[Function]}
      >
        123 ₴
      </p>
    </div>
    <div
      className="col-md-1"
    >
      <p
        className="project__item-text text-danger m-md-0"
        onBlur={[Function]}
        onFocus={[Function]}
        onMouseOut={[Function]}
        onMouseOver={[Function]}
      >
        15
      </p>
    </div>
    <div
      className="col-md-1"
    >
      <p
        className="project__item-text m-md-0"
        onBlur={[Function]}
        onFocus={[Function]}
        onMouseOut={[Function]}
        onMouseOver={[Function]}
      >
        17 лютого
      </p>
    </div>
  </div>
</li>
`;
